
Running 3 tests using 3 workers

[1A[2K[1/3] [firefox] ΓÇ║ e2e\complete-user-flow.spec.ts:12:5 ΓÇ║ Complete User Flow ΓÇ║ complete user journey from registration to all platform actions
[1A[2K[2/3] [webkit] ΓÇ║ e2e\complete-user-flow.spec.ts:12:5 ΓÇ║ Complete User Flow ΓÇ║ complete user journey from registration to all platform actions
[1A[2K[3/3] [chromium] ΓÇ║ e2e\complete-user-flow.spec.ts:12:5 ΓÇ║ Complete User Flow ΓÇ║ complete user journey from registration to all platform actions
[1A[2K[webkit] ΓÇ║ e2e\complete-user-flow.spec.ts:12:5 ΓÇ║ Complete User Flow ΓÇ║ complete user journey from registration to all platform actions
Alert dialog: Failed to create invoice: duplicate key value violates unique constraint "invoices_invoice_number_key"

[1A[2K  1) [webkit] ΓÇ║ e2e\complete-user-flow.spec.ts:12:5 ΓÇ║ Complete User Flow ΓÇ║ complete user journey from registration to all platform actions 

    Error: [2mexpect([22m[31mlocator[39m[2m).not.[22mtoBeVisible[2m([22m[2m)[22m failed

    Locator:  getByRole('heading', { name: /create new invoice|edit invoice/i })
    Expected: not visible
    Received: visible
    Timeout:  5000ms

    Call log:
    [2m  - Expect "not toBeVisible" with timeout 5000ms[22m
    [2m  - waiting for getByRole('heading', { name: /create new invoice|edit invoice/i })[22m
    [2m    9 ├ù locator resolved to <h3 class="text-lg font-medium text-gray-900 mb-4">Create New Invoice</h3>[22m
    [2m      - unexpected value "visible"[22m


      197 |         // Verify invoice was created - check that modal is closed and we're back on invoices page
      198 |         // The modal heading should no longer be visible
    > 199 |         await expect(page.getByRole('heading', { name: /create new invoice|edit invoice/i })).not.toBeVisible({ timeout: 5000 });
          |                                                                                                   ^
      200 |         
      201 |         // Verify we're on the invoices page
      202 |         await expect(page.getByRole('heading', { name: /invoices/i })).toBeVisible();
        at C:\Users\venka\Documents\scripts\accounting\corporate accounting\frontend\e2e\complete-user-flow.spec.ts:199:99

    attachment #1: screenshot (image/png) ΓöÇΓöÇΓöÇΓöÇΓöÇΓöÇΓöÇΓöÇΓöÇΓöÇΓöÇΓöÇΓöÇΓöÇΓöÇΓöÇΓöÇΓöÇΓöÇΓöÇΓöÇΓöÇΓöÇΓöÇΓöÇΓöÇΓöÇΓöÇΓöÇΓöÇΓöÇΓöÇΓöÇΓöÇΓöÇΓöÇΓöÇΓöÇΓöÇΓöÇΓöÇΓöÇΓöÇΓöÇΓöÇΓöÇΓöÇΓöÇΓöÇΓöÇΓöÇΓöÇΓöÇΓöÇΓöÇΓöÇΓöÇΓöÇ
    test-results\complete-user-flow-Complet-50b63-ion-to-all-platform-actions-webkit\test-failed-1.png
    ΓöÇΓöÇΓöÇΓöÇΓöÇΓöÇΓöÇΓöÇΓöÇΓöÇΓöÇΓöÇΓöÇΓöÇΓöÇΓöÇΓöÇΓöÇΓöÇΓöÇΓöÇΓöÇΓöÇΓöÇΓöÇΓöÇΓöÇΓöÇΓöÇΓöÇΓöÇΓöÇΓöÇΓöÇΓöÇΓöÇΓöÇΓöÇΓöÇΓöÇΓöÇΓöÇΓöÇΓöÇΓöÇΓöÇΓöÇΓöÇΓöÇΓöÇΓöÇΓöÇΓöÇΓöÇΓöÇΓöÇΓöÇΓöÇΓöÇΓöÇΓöÇΓöÇΓöÇΓöÇΓöÇΓöÇΓöÇΓöÇΓöÇΓöÇΓöÇΓöÇΓöÇΓöÇΓöÇΓöÇΓöÇΓöÇΓöÇΓöÇΓöÇΓöÇΓöÇΓöÇΓöÇΓöÇΓöÇΓöÇΓöÇΓöÇΓöÇΓöÇΓöÇΓöÇΓöÇΓöÇ

    Error Context: test-results\complete-user-flow-Complet-50b63-ion-to-all-platform-actions-webkit\error-context.md


[1A[2K  2) [chromium] ΓÇ║ e2e\complete-user-flow.spec.ts:12:5 ΓÇ║ Complete User Flow ΓÇ║ complete user journey from registration to all platform actions 

    [31mTest timeout of 30000ms exceeded.[39m

    Error: [2mexpect([22m[31mlocator[39m[2m).[22mtoBeVisible[2m([22m[2m)[22m failed

    Locator: getByRole('heading', { name: /dashboard/i })
    Expected: visible
    Error: element(s) not found

    Call log:
    [2m  - Expect "toBeVisible" with timeout 30000ms[22m
    [2m  - waiting for getByRole('heading', { name: /dashboard/i })[22m


      104 |         // The app may redirect in different ways, so rely on UI instead of exact URL.
      105 |         const finalDashboardHeading = page.getByRole('heading', { name: /dashboard/i });
    > 106 |         await expect(finalDashboardHeading).toBeVisible({ timeout: 30000 });
          |                                             ^
      107 |
      108 |         // ============================================
      109 |         // STEP 4: CREATE A CLIENT
        at C:\Users\venka\Documents\scripts\accounting\corporate accounting\frontend\e2e\complete-user-flow.spec.ts:106:45

    attachment #1: screenshot (image/png) ΓöÇΓöÇΓöÇΓöÇΓöÇΓöÇΓöÇΓöÇΓöÇΓöÇΓöÇΓöÇΓöÇΓöÇΓöÇΓöÇΓöÇΓöÇΓöÇΓöÇΓöÇΓöÇΓöÇΓöÇΓöÇΓöÇΓöÇΓöÇΓöÇΓöÇΓöÇΓöÇΓöÇΓöÇΓöÇΓöÇΓöÇΓöÇΓöÇΓöÇΓöÇΓöÇΓöÇΓöÇΓöÇΓöÇΓöÇΓöÇΓöÇΓöÇΓöÇΓöÇΓöÇΓöÇΓöÇΓöÇΓöÇΓöÇ
    test-results\complete-user-flow-Complet-50b63-ion-to-all-platform-actions-chromium\test-failed-1.png
    ΓöÇΓöÇΓöÇΓöÇΓöÇΓöÇΓöÇΓöÇΓöÇΓöÇΓöÇΓöÇΓöÇΓöÇΓöÇΓöÇΓöÇΓöÇΓöÇΓöÇΓöÇΓöÇΓöÇΓöÇΓöÇΓöÇΓöÇΓöÇΓöÇΓöÇΓöÇΓöÇΓöÇΓöÇΓöÇΓöÇΓöÇΓöÇΓöÇΓöÇΓöÇΓöÇΓöÇΓöÇΓöÇΓöÇΓöÇΓöÇΓöÇΓöÇΓöÇΓöÇΓöÇΓöÇΓöÇΓöÇΓöÇΓöÇΓöÇΓöÇΓöÇΓöÇΓöÇΓöÇΓöÇΓöÇΓöÇΓöÇΓöÇΓöÇΓöÇΓöÇΓöÇΓöÇΓöÇΓöÇΓöÇΓöÇΓöÇΓöÇΓöÇΓöÇΓöÇΓöÇΓöÇΓöÇΓöÇΓöÇΓöÇΓöÇΓöÇΓöÇΓöÇΓöÇΓöÇΓöÇ

    Error Context: test-results\complete-user-flow-Complet-50b63-ion-to-all-platform-actions-chromium\error-context.md


[1A[2K  3) [firefox] ΓÇ║ e2e\complete-user-flow.spec.ts:12:5 ΓÇ║ Complete User Flow ΓÇ║ complete user journey from registration to all platform actions 

    [31mTest timeout of 30000ms exceeded.[39m

    Error: [2mexpect([22m[31mlocator[39m[2m).[22mtoBeVisible[2m([22m[2m)[22m failed

    Locator: getByRole('heading', { name: /dashboard/i })
    Expected: visible
    Error: element(s) not found

    Call log:
    [2m  - Expect "toBeVisible" with timeout 30000ms[22m
    [2m  - waiting for getByRole('heading', { name: /dashboard/i })[22m


      104 |         // The app may redirect in different ways, so rely on UI instead of exact URL.
      105 |         const finalDashboardHeading = page.getByRole('heading', { name: /dashboard/i });
    > 106 |         await expect(finalDashboardHeading).toBeVisible({ timeout: 30000 });
          |                                             ^
      107 |
      108 |         // ============================================
      109 |         // STEP 4: CREATE A CLIENT
        at C:\Users\venka\Documents\scripts\accounting\corporate accounting\frontend\e2e\complete-user-flow.spec.ts:106:45

    attachment #1: screenshot (image/png) ΓöÇΓöÇΓöÇΓöÇΓöÇΓöÇΓöÇΓöÇΓöÇΓöÇΓöÇΓöÇΓöÇΓöÇΓöÇΓöÇΓöÇΓöÇΓöÇΓöÇΓöÇΓöÇΓöÇΓöÇΓöÇΓöÇΓöÇΓöÇΓöÇΓöÇΓöÇΓöÇΓöÇΓöÇΓöÇΓöÇΓöÇΓöÇΓöÇΓöÇΓöÇΓöÇΓöÇΓöÇΓöÇΓöÇΓöÇΓöÇΓöÇΓöÇΓöÇΓöÇΓöÇΓöÇΓöÇΓöÇΓöÇΓöÇ
    test-results\complete-user-flow-Complet-50b63-ion-to-all-platform-actions-firefox\test-failed-1.png
    ΓöÇΓöÇΓöÇΓöÇΓöÇΓöÇΓöÇΓöÇΓöÇΓöÇΓöÇΓöÇΓöÇΓöÇΓöÇΓöÇΓöÇΓöÇΓöÇΓöÇΓöÇΓöÇΓöÇΓöÇΓöÇΓöÇΓöÇΓöÇΓöÇΓöÇΓöÇΓöÇΓöÇΓöÇΓöÇΓöÇΓöÇΓöÇΓöÇΓöÇΓöÇΓöÇΓöÇΓöÇΓöÇΓöÇΓöÇΓöÇΓöÇΓöÇΓöÇΓöÇΓöÇΓöÇΓöÇΓöÇΓöÇΓöÇΓöÇΓöÇΓöÇΓöÇΓöÇΓöÇΓöÇΓöÇΓöÇΓöÇΓöÇΓöÇΓöÇΓöÇΓöÇΓöÇΓöÇΓöÇΓöÇΓöÇΓöÇΓöÇΓöÇΓöÇΓöÇΓöÇΓöÇΓöÇΓöÇΓöÇΓöÇΓöÇΓöÇΓöÇΓöÇΓöÇΓöÇΓöÇ

    Error Context: test-results\complete-user-flow-Complet-50b63-ion-to-all-platform-actions-firefox\error-context.md


[1A[2K  3 failed
    [chromium] ΓÇ║ e2e\complete-user-flow.spec.ts:12:5 ΓÇ║ Complete User Flow ΓÇ║ complete user journey from registration to all platform actions 
    [firefox] ΓÇ║ e2e\complete-user-flow.spec.ts:12:5 ΓÇ║ Complete User Flow ΓÇ║ complete user journey from registration to all platform actions 
    [webkit] ΓÇ║ e2e\complete-user-flow.spec.ts:12:5 ΓÇ║ Complete User Flow ΓÇ║ complete user journey from registration to all platform actions 
